ts uptime_s usedRX usedTX usedNS pktRXfree pktTXfree ndSent connrst
13:33:57 - 0 0 0   sent 0
13:35:04 - 0 0 0   sent 0
13:36:12 - 0 0 0   sent 0
13:37:20 - 0 0 0   sent 0
13:38:27 - 0 0 0   sent 0
13:39:35 - 0 0 0   sent 0
13:40:42 - 0 0 0   sent 0
13:41:50 - 0 0 0   sent 0
13:42:57 - 0 0 0   sent 0
13:44:05 - 0 0 0   sent 0
13:45:12 - 0 0 0   sent 0
13:46:20 - 0 0 0   sent 0
13:47:27 - 0 0 0   sent 0
13:48:35 - 0 0 0   sent 0
13:49:42 - 0 0 0   sent 0
13:50:50 - 0 0 0   sent 0
13:51:57 - 0 0 0   sent 0
13:53:05 - 0 0 0   sent 0
13:54:12 - 0 0 0   sent 0
13:55:20 - 0 0 0   sent 0
13:56:27 - 0 0 0   sent 0
13:57:35 - 0 0 0   sent 0
13:58:42 - 0 0 0   sent 0
13:59:50 - 0 0 0   sent 0
14:00:58 - 0 0 0   sent 0
14:02:05 - 0 0 0   sent 0
14:03:13 - 0 0 0   sent 0
14:04:20 - 0 0 0   sent 0
14:05:28 - 0 0 0   sent 0
14:06:35 - 0 0 0   sent 0
14:07:43 - 0 0 0   sent 0
14:08:50 - 0 0 0   sent 0
14:09:58 - 0 0 0   sent 0
14:11:05 - 0 0 0   sent 0
14:12:13 - 0 0 0   sent 0
14:13:20 - 0 0 0   sent 0
14:14:28 - 0 0 0   sent 0
14:15:36 - 0 0 0   sent 0
14:16:43 - 0 0 0   sent 0
14:17:51 - 0 0 0   sent 0
14:18:58 - 0 0 0   sent 0
14:20:06 - 0 0 0   sent 0
14:21:13 - 0 0 0   sent 0
14:22:21 - 0 0 0   sent 0
14:23:29 - 0 0 0   sent 0
14:24:36 - 0 0 0   sent 0
14:25:44 - 0 0 0   sent 0
14:26:51 - 0 0 0   sent 0
14:27:59 - 0 0 0   sent 0
14:29:06 - 0 0 0   sent 0
14:30:14 - 0 0 0   sent 0
14:31:21 - 0 0 0   sent 0
14:32:29 - 0 0 0   sent 0
14:33:36 - 0 0 0   sent 0
14:34:45 - 0 0 0    
14:35:58 - 0 0 0    
14:37:13 - 0 0 0    
14:38:28 - 0 0 0    
14:39:44 - 0 0 0    
14:40:59 - 0 0 0    
14:42:14 - 0 0 0    
14:43:29 - 0 0 0    
14:44:44 - 0 0 0    
14:45:59 - 0 0 0    
14:47:15 - 0 0 0    
14:48:30 - 0 0 0    
14:49:45 - 0 0 0    
14:51:00 - 0 0 0    
14:52:15 - 0 0 0    
14:53:30 - 0 0 0    
14:54:45 - 0 0 0    
14:56:01 - 0 0 0    
14:57:16 - 0 0 0    
14:58:31 - 0 0 0    
14:59:46 - 0 0 0    
15:01:01 - 0 0 0    
15:02:16 - 0 0 0    
15:03:32 - 0 0 0    
15:04:47 - 0 0 0    
15:06:02 - 0 0 0    
15:07:17 - 0 0 0    
15:08:32 - 0 0 0    
15:09:47 - 0 0 0    
15:11:03 - 0 0 0    
15:12:18 - 0 0 0    
15:13:33 - 0 0 0    
15:14:48 - 0 0 0    
15:16:03 - 0 0 0    
15:17:18 - 0 0 0    
15:18:33 - 0 0 0    
15:19:49 - 0 0 0    
15:21:04 - 0 0 0    
15:22:19 - 0 0 0    
15:23:34 - 0 0 0    
15:24:49 - 0 0 0    
15:26:04 - 0 0 0    
15:27:20 - 0 0 0    
15:28:35 - 0 0 0    
15:29:50 - 0 0 0    
15:31:05 - 0 0 0    
15:32:20 - 0 0 0    
15:33:35 - 0 0 0    
15:34:50 - 0 0 0    
15:36:06 - 0 0 0    
15:37:21 - 0 0 0    
15:38:36 - 0 0 0    
15:39:51 - 0 0 0    
15:41:06 - 0 0 0    
15:42:21 - 0 0 0    
15:43:37 - 0 0 0    
15:44:52 - 0 0 0    
15:46:07 - 0 0 0    
15:47:22 - 0 0 0    
15:48:37 - 0 0 0    
15:49:52 - 0 0 0    
15:51:07 - 0 0 0    
15:52:23 - 0 0 0    
15:53:38 - 0 0 0    
15:54:53 - 0 0 0    
15:56:08 - 0 0 0    
15:57:23 - 0 0 0    
15:58:38 - 0 0 0    
15:59:54 - 0 0 0    
16:01:09 - 0 0 0    
